[2026-04-10 17:11:41] === Starting daily SEO publish ===
[2026-04-10 17:11:41] Rebuilding config...
Config: 190 pages (94 published, 96 pending, 0 new)
  Template A: 156 pages
  Template B: 24 pages
  Template C: 10 pages
[2026-04-10 17:11:41] Pending pages: 96
[2026-04-10 17:11:41] Generating 25 pages...
Generating 25 pages...
  [GPT] Generating content for scavenger-hunt-in-lower-east-side...
  [GPT] Done (1067 tokens)
  [OK] scavenger-hunt-in-lower-east-side.html
  [GPT] Generating content for scavenger-hunt-in-east-village...
  [GPT] Done (1091 tokens)
  [OK] scavenger-hunt-in-east-village.html
  [GPT] Generating content for scavenger-hunt-in-upper-west-side...
  [GPT] Done (1075 tokens)
  [OK] scavenger-hunt-in-upper-west-side.html
  [GPT] Generating content for scavenger-hunt-in-flatiron...
  [GPT] Done (1071 tokens)
  [OK] scavenger-hunt-in-flatiron.html
  [GPT] Generating content for scavenger-hunt-in-financial-district...
  [GPT] Done (1064 tokens)
  [OK] scavenger-hunt-in-financial-district.html
  [GPT] Generating content for scavenger-hunt-in-hells-kitchen...
  [GPT] Done (1167 tokens)
  [OK] scavenger-hunt-in-hells-kitchen.html
  [GPT] Generating content for scavenger-hunt-in-chinatown...
  [GPT] Done (1104 tokens)
  [OK] scavenger-hunt-in-chinatown.html
  [GPT] Generating content for scavenger-hunt-in-little-italy...
  [GPT] Done (1139 tokens)
  [OK] scavenger-hunt-in-little-italy.html
  [GPT] Generating content for scavenger-hunt-in-nolita...
  [GPT] Done (1053 tokens)
  [OK] scavenger-hunt-in-nolita.html
  [GPT] Generating content for scavenger-hunt-in-meatpacking-district...
  [GPT] Done (1135 tokens)
  [OK] scavenger-hunt-in-meatpacking-district.html
  [GPT] Generating content for scavenger-hunt-in-brooklyn-heights...
  [GPT] Done (1103 tokens)
  [OK] scavenger-hunt-in-brooklyn-heights.html
  [GPT] Generating content for scavenger-hunt-in-bushwick...
  [GPT] Done (1116 tokens)
  [OK] scavenger-hunt-in-bushwick.html
  [GPT] Generating content for scavenger-hunt-in-times-square...
  [GPT] Done (1126 tokens)
  [OK] scavenger-hunt-in-times-square.html
  [GPT] Generating content for scavenger-hunt-in-high-line...
  [GPT] Done (1115 tokens)
  [OK] scavenger-hunt-in-high-line.html
  [GPT] Generating content for scavenger-hunt-in-bryant-park...
  [WARN] Missing field 'faq' in GPT response for scavenger-hunt-in-bryant-park
  [GPT] Done (1145 tokens)
  [OK] scavenger-hunt-in-bryant-park.html
  [GPT] Generating content for scavenger-hunt-in-grand-central...
  [GPT] Done (1098 tokens)
  [OK] scavenger-hunt-in-grand-central.html
  [GPT] Generating content for mystery-walk-in-lower-east-side...
  [GPT] Done (1118 tokens)
  [OK] mystery-walk-in-lower-east-side.html
  [GPT] Generating content for mystery-walk-in-east-village...
  [WARN] Missing field 'faq' in GPT response for mystery-walk-in-east-village
  [GPT] Done (1068 tokens)
  [OK] mystery-walk-in-east-village.html
  [GPT] Generating content for mystery-walk-in-upper-west-side...
  [GPT] Done (1093 tokens)
  [OK] mystery-walk-in-upper-west-side.html
  [GPT] Generating content for mystery-walk-in-flatiron...
  [GPT] Done (1073 tokens)
  [OK] mystery-walk-in-flatiron.html
  [GPT] Generating content for mystery-walk-in-financial-district...
  [GPT] Done (1074 tokens)
  [OK] mystery-walk-in-financial-district.html
  [GPT] Generating content for mystery-walk-in-hells-kitchen...
  [GPT] Done (1097 tokens)
  [OK] mystery-walk-in-hells-kitchen.html
  [GPT] Generating content for mystery-walk-in-chinatown...
  [GPT] Done (1089 tokens)
  [OK] mystery-walk-in-chinatown.html
  [GPT] Generating content for mystery-walk-in-little-italy...
  [GPT] Done (1074 tokens)
  [OK] mystery-walk-in-little-italy.html
  [GPT] Generating content for mystery-walk-in-nolita...
  [GPT] Done (1055 tokens)
  [OK] mystery-walk-in-nolita.html
  [SITEMAP] Added 25 new URLs (total: 164)

Done. Generated: 25, Errors: 0
[2026-04-10 17:16:15] Committing 25 new pages...
[2026-04-13 09:52:00] === Starting daily SEO publish ===
[2026-04-13 09:52:00] Missed 3 day(s). Batch size increased to 75
[2026-04-13 09:52:00] Rebuilding config...
Config: 362 pages (123 published, 239 pending, 0 new)
  Template A: 156 pages
  Template B: 54 pages
  Template C: 20 pages
  Template D: 60 pages
  Template E: 42 pages
  Template F: 10 pages
  Template G: 20 pages
[2026-04-13 09:52:00] Pending pages: 239
[2026-04-13 09:52:00] Generating 75 pages...
Generating 75 pages...
  [GPT] Generating content for mystery-walk-in-meatpacking-district...
  [GPT] Done (1052 tokens)
  [OK] mystery-walk-in-meatpacking-district.html
  [GPT] Generating content for mystery-walk-in-brooklyn-heights...
  [GPT] Done (1079 tokens)
  [OK] mystery-walk-in-brooklyn-heights.html
  [GPT] Generating content for mystery-walk-in-bushwick...
  [GPT] Done (1092 tokens)
  [OK] mystery-walk-in-bushwick.html
  [GPT] Generating content for mystery-walk-in-times-square...
  [GPT] Done (1114 tokens)
  [OK] mystery-walk-in-times-square.html
  [GPT] Generating content for mystery-walk-in-high-line...
  [GPT] Done (1105 tokens)
  [OK] mystery-walk-in-high-line.html
  [GPT] Generating content for mystery-walk-in-bryant-park...
  [WARN] Missing field 'faq' in GPT response for mystery-walk-in-bryant-park
  [GPT] Done (938 tokens)
  [OK] mystery-walk-in-bryant-park.html
  [GPT] Generating content for mystery-walk-in-grand-central...
  [GPT] Done (1027 tokens)
  [OK] mystery-walk-in-grand-central.html
  [GPT] Generating content for walking-tour-in-lower-east-side...
  [WARN] Missing field 'faq' in GPT response for walking-tour-in-lower-east-side
  [GPT] Done (941 tokens)
  [OK] walking-tour-in-lower-east-side.html
  [GPT] Generating content for walking-tour-in-east-village...
  [GPT] Done (1097 tokens)
  [OK] walking-tour-in-east-village.html
  [GPT] Generating content for walking-tour-in-upper-west-side...
  [GPT] Done (1094 tokens)
  [OK] walking-tour-in-upper-west-side.html
  [GPT] Generating content for walking-tour-in-flatiron...
  [GPT] Done (1058 tokens)
  [OK] walking-tour-in-flatiron.html
  [GPT] Generating content for walking-tour-in-financial-district...
  [GPT] Done (1089 tokens)
  [OK] walking-tour-in-financial-district.html
  [GPT] Generating content for walking-tour-in-hells-kitchen...
  [GPT] Done (1131 tokens)
  [OK] walking-tour-in-hells-kitchen.html
  [GPT] Generating content for walking-tour-in-chinatown...
  [GPT] Done (1143 tokens)
  [OK] walking-tour-in-chinatown.html
  [GPT] Generating content for walking-tour-in-little-italy...
  [GPT] Done (1059 tokens)
  [OK] walking-tour-in-little-italy.html
  [GPT] Generating content for walking-tour-in-nolita...
  [WARN] Missing field 'faq' in GPT response for walking-tour-in-nolita
  [GPT] Done (1144 tokens)
  [OK] walking-tour-in-nolita.html
  [GPT] Generating content for walking-tour-in-meatpacking-district...
  [WARN] Missing field 'faq' in GPT response for walking-tour-in-meatpacking-district
  [GPT] Done (1268 tokens)
  [OK] walking-tour-in-meatpacking-district.html
  [GPT] Generating content for walking-tour-in-brooklyn-heights...
  [GPT] Done (1093 tokens)
  [OK] walking-tour-in-brooklyn-heights.html
  [GPT] Generating content for walking-tour-in-bushwick...
  [GPT] Done (1060 tokens)
  [OK] walking-tour-in-bushwick.html
  [GPT] Generating content for walking-tour-in-times-square...
  [GPT] Done (1085 tokens)
  [OK] walking-tour-in-times-square.html
  [GPT] Generating content for walking-tour-in-high-line...
  [GPT] Done (1037 tokens)
  [OK] walking-tour-in-high-line.html
  [GPT] Generating content for walking-tour-in-bryant-park...
  [GPT] Done (1051 tokens)
  [OK] walking-tour-in-bryant-park.html
  [GPT] Generating content for walking-tour-in-grand-central...
  [GPT] Done (1130 tokens)
  [OK] walking-tour-in-grand-central.html
  [GPT] Generating content for date-ideas-in-lower-east-side...
  [WARN] Missing field 'faq' in GPT response for date-ideas-in-lower-east-side
  [GPT] Done (1040 tokens)
  [OK] date-ideas-in-lower-east-side.html
  [GPT] Generating content for date-ideas-in-east-village...
  [GPT] Done (1040 tokens)
  [OK] date-ideas-in-east-village.html
  [GPT] Generating content for date-ideas-in-upper-west-side...
  [GPT] Done (1061 tokens)
  [OK] date-ideas-in-upper-west-side.html
  [GPT] Generating content for date-ideas-in-flatiron...
  [GPT] Done (1051 tokens)
  [OK] date-ideas-in-flatiron.html
  [GPT] Generating content for date-ideas-in-financial-district...
  [GPT] Done (1058 tokens)
  [OK] date-ideas-in-financial-district.html
  [GPT] Generating content for date-ideas-in-hells-kitchen...
  [WARN] Missing field 'faq' in GPT response for date-ideas-in-hells-kitchen
  [GPT] Done (1021 tokens)
  [OK] date-ideas-in-hells-kitchen.html
  [GPT] Generating content for date-ideas-in-chinatown...
  [GPT] Done (1057 tokens)
  [OK] date-ideas-in-chinatown.html
  [GPT] Generating content for date-ideas-in-little-italy...
  [GPT] Done (1036 tokens)
  [OK] date-ideas-in-little-italy.html
  [GPT] Generating content for date-ideas-in-nolita...
  [GPT] Done (1050 tokens)
  [OK] date-ideas-in-nolita.html
  [GPT] Generating content for date-ideas-in-meatpacking-district...
  [GPT] Done (1086 tokens)
  [OK] date-ideas-in-meatpacking-district.html
  [GPT] Generating content for date-ideas-in-brooklyn-heights...
  [GPT] Done (1090 tokens)
  [OK] date-ideas-in-brooklyn-heights.html
  [GPT] Generating content for date-ideas-in-bushwick...
  [GPT] Done (978 tokens)
  [OK] date-ideas-in-bushwick.html
  [GPT] Generating content for date-ideas-in-times-square...
  [GPT] Done (1045 tokens)
  [OK] date-ideas-in-times-square.html
  [GPT] Generating content for date-ideas-in-high-line...
  [GPT] Done (1130 tokens)
  [OK] date-ideas-in-high-line.html
  [GPT] Generating content for date-ideas-in-bryant-park...
  [GPT] Done (1075 tokens)
  [OK] date-ideas-in-bryant-park.html
  [GPT] Generating content for date-ideas-in-grand-central...
  [GPT] Done (1021 tokens)
  [OK] date-ideas-in-grand-central.html
  [GPT] Generating content for team-building-in-lower-east-side...
  [GPT] Done (1088 tokens)
  [OK] team-building-in-lower-east-side.html
  [GPT] Generating content for team-building-in-east-village...
  [GPT] Done (1028 tokens)
  [OK] team-building-in-east-village.html
  [GPT] Generating content for team-building-in-upper-west-side...
  [GPT] Done (1052 tokens)
  [OK] team-building-in-upper-west-side.html
  [GPT] Generating content for team-building-in-flatiron...
  [GPT] Done (1084 tokens)
  [OK] team-building-in-flatiron.html
  [GPT] Generating content for team-building-in-financial-district...
  [GPT] Done (1065 tokens)
  [OK] team-building-in-financial-district.html
  [GPT] Generating content for team-building-in-hells-kitchen...
  [GPT] Done (1052 tokens)
  [OK] team-building-in-hells-kitchen.html
  [GPT] Generating content for team-building-in-chinatown...
  [GPT] Done (1046 tokens)
  [OK] team-building-in-chinatown.html
  [GPT] Generating content for team-building-in-little-italy...
  [WARN] Missing field 'faq' in GPT response for team-building-in-little-italy
  [GPT] Done (1160 tokens)
  [OK] team-building-in-little-italy.html
  [GPT] Generating content for team-building-in-nolita...
  [GPT] Done (1082 tokens)
  [OK] team-building-in-nolita.html
  [GPT] Generating content for team-building-in-meatpacking-district...
  [GPT] Done (1025 tokens)
  [OK] team-building-in-meatpacking-district.html
  [GPT] Generating content for team-building-in-brooklyn-heights...
  [GPT] Done (1057 tokens)
  [OK] team-building-in-brooklyn-heights.html
  [GPT] Generating content for team-building-in-bushwick...
  [WARN] Missing field 'faq' in GPT response for team-building-in-bushwick
  [GPT] Done (917 tokens)
  [OK] team-building-in-bushwick.html
  [GPT] Generating content for team-building-in-times-square...
  [GPT] Done (1096 tokens)
  [OK] team-building-in-times-square.html
  [GPT] Generating content for team-building-in-high-line...
  [GPT] Done (1043 tokens)
  [OK] team-building-in-high-line.html
  [GPT] Generating content for team-building-in-bryant-park...
  [GPT] Done (1075 tokens)
  [OK] team-building-in-bryant-park.html
  [GPT] Generating content for team-building-in-grand-central...
  [GPT] Done (1053 tokens)
  [OK] team-building-in-grand-central.html
  [GPT] Generating content for outdoor-escape-room-in-lower-east-side...
  [GPT] Done (1074 tokens)
  [OK] outdoor-escape-room-in-lower-east-side.html
  [GPT] Generating content for outdoor-escape-room-in-east-village...
  [GPT] Done (1094 tokens)
  [OK] outdoor-escape-room-in-east-village.html
  [GPT] Generating content for outdoor-escape-room-in-upper-west-side...
  [ERR] outdoor-escape-room-in-upper-west-side: Unterminated string starting at: line 8 column 3 (char 2444)
  [GPT] Generating content for outdoor-escape-room-in-flatiron...
  [GPT] Done (1070 tokens)
  [OK] outdoor-escape-room-in-flatiron.html
  [GPT] Generating content for outdoor-escape-room-in-financial-district...
  [WARN] Missing field 'faq' in GPT response for outdoor-escape-room-in-financial-district
  [GPT] Done (1106 tokens)
  [OK] outdoor-escape-room-in-financial-district.html
  [GPT] Generating content for outdoor-escape-room-in-hells-kitchen...
  [WARN] Missing field 'faq' in GPT response for outdoor-escape-room-in-hells-kitchen
  [GPT] Done (1233 tokens)
  [OK] outdoor-escape-room-in-hells-kitchen.html
  [GPT] Generating content for outdoor-escape-room-in-chinatown...
  [GPT] Done (1106 tokens)
  [OK] outdoor-escape-room-in-chinatown.html
  [GPT] Generating content for outdoor-escape-room-in-little-italy...
  [GPT] Done (1068 tokens)
  [OK] outdoor-escape-room-in-little-italy.html
  [GPT] Generating content for outdoor-escape-room-in-nolita...
  [GPT] Done (1080 tokens)
  [OK] outdoor-escape-room-in-nolita.html
  [GPT] Generating content for outdoor-escape-room-in-meatpacking-district...
  [GPT] Done (1089 tokens)
  [OK] outdoor-escape-room-in-meatpacking-district.html
  [GPT] Generating content for outdoor-escape-room-in-brooklyn-heights...
  [GPT] Done (1108 tokens)
  [OK] outdoor-escape-room-in-brooklyn-heights.html
  [GPT] Generating content for outdoor-escape-room-in-bushwick...
  [GPT] Done (1022 tokens)
  [OK] outdoor-escape-room-in-bushwick.html
  [GPT] Generating content for outdoor-escape-room-in-times-square...
  [GPT] Done (1076 tokens)
  [OK] outdoor-escape-room-in-times-square.html
  [GPT] Generating content for outdoor-escape-room-in-high-line...
  [GPT] Done (1079 tokens)
  [OK] outdoor-escape-room-in-high-line.html
  [GPT] Generating content for outdoor-escape-room-in-bryant-park...
  [ERR] outdoor-escape-room-in-bryant-park: Expecting ',' delimiter: line 8 column 57380 (char 59894)
  [GPT] Generating content for outdoor-escape-room-in-grand-central...
  [WARN] Missing field 'faq' in GPT response for outdoor-escape-room-in-grand-central
  [GPT] Done (956 tokens)
  [OK] outdoor-escape-room-in-grand-central.html
  [GPT] Generating content for scavenger-hunt-for-solo-travelers...
  [GPT] Done (1054 tokens)
  [OK] scavenger-hunt-for-solo-travelers.html
  [GPT] Generating content for scavenger-hunt-for-friends...
  [GPT] Done (1093 tokens)
  [OK] scavenger-hunt-for-friends.html
  [GPT] Generating content for scavenger-hunt-for-adults...
  [GPT] Done (1062 tokens)
  [OK] scavenger-hunt-for-adults.html
  [GPT] Generating content for scavenger-hunt-for-coworkers...
  [GPT] Done (1031 tokens)
  [OK] scavenger-hunt-for-coworkers.html
  [SITEMAP] Added 73 new URLs (total: 241)

Done. Generated: 73, Errors: 2
[2026-04-13 10:13:39] Committing 73 new pages...
